=== BEFORE ===
SIGNOFF_DATE=2026-09-01 FAST_CLOCK_PERIOD_NS=3
PAIR=clk_bus->clk_cpu CROSSINGS=3 SINGLE_BIT=3 MULTI_BIT=0 RESET=0
PAIR=clk_bus->clk_dsp CROSSINGS=1 SINGLE_BIT=1 MULTI_BIT=0 RESET=0
PAIR=clk_bus->clk_io CROSSINGS=1 SINGLE_BIT=0 MULTI_BIT=0 RESET=1
PAIR=clk_cpu->clk_bus CROSSINGS=5 SINGLE_BIT=3 MULTI_BIT=2 RESET=0
PAIR=clk_cpu->clk_dsp CROSSINGS=1 SINGLE_BIT=1 MULTI_BIT=0 RESET=0
PAIR=clk_cpu->clk_io CROSSINGS=2 SINGLE_BIT=0 MULTI_BIT=1 RESET=1
PAIR=clk_dsp->clk_bus CROSSINGS=3 SINGLE_BIT=1 MULTI_BIT=2 RESET=0
PAIR=clk_dsp->clk_cpu CROSSINGS=1 SINGLE_BIT=1 MULTI_BIT=0 RESET=0
PAIR=clk_dsp->clk_io CROSSINGS=2 SINGLE_BIT=1 MULTI_BIT=1 RESET=0
PAIR=clk_io->clk_bus CROSSINGS=2 SINGLE_BIT=2 MULTI_BIT=0 RESET=0
PAIR=clk_io->clk_cpu CROSSINGS=1 SINGLE_BIT=1 MULTI_BIT=0 RESET=0
PAIR=clk_io->clk_dsp CROSSINGS=1 SINGLE_BIT=0 MULTI_BIT=1 RESET=0
CROSSING ID=C01 PAIR=clk_cpu->clk_bus SIGNAL=req TYPE=SINGLE_BIT SYNC_FF=2 SCHEME=TWO_FF BUNDLE=B_REQ
CROSSING ID=C02 PAIR=clk_cpu->clk_bus SIGNAL=data[7:0] TYPE=MULTI_BIT SYNC_FF=2 SCHEME=TWO_FF BUNDLE=B_REQ
CROSSING ID=C03 PAIR=clk_bus->clk_cpu SIGNAL=ack TYPE=SINGLE_BIT SYNC_FF=2 SCHEME=TWO_FF BUNDLE=B_ACK
CROSSING ID=C04 PAIR=clk_cpu->clk_io SIGNAL=cfg[3:0] TYPE=MULTI_BIT SYNC_FF=0 SCHEME=FIFO BUNDLE=NONE
CROSSING ID=C05 PAIR=clk_io->clk_cpu SIGNAL=status TYPE=SINGLE_BIT SYNC_FF=1 SCHEME=TWO_FF BUNDLE=NONE
CROSSING ID=C06 PAIR=clk_dsp->clk_bus SIGNAL=fifo_wr TYPE=SINGLE_BIT SYNC_FF=2 SCHEME=TWO_FF BUNDLE=B_FIFO
CROSSING ID=C07 PAIR=clk_dsp->clk_bus SIGNAL=fifo_data[15:0] TYPE=MULTI_BIT SYNC_FF=0 SCHEME=GRAY BUNDLE=B_FIFO
CROSSING ID=C08 PAIR=clk_bus->clk_dsp SIGNAL=fifo_rd TYPE=SINGLE_BIT SYNC_FF=0 SCHEME=NONE BUNDLE=B_FIFO
CROSSING ID=C09 PAIR=clk_cpu->clk_cpu_div2 SIGNAL=sync_sig TYPE=SINGLE_BIT SYNC_FF=0 SCHEME=NONE BUNDLE=NONE
CROSSING ID=C10 PAIR=clk_io->clk_bus SIGNAL=io_irq TYPE=SINGLE_BIT SYNC_FF=2 SCHEME=TWO_FF BUNDLE=NONE
CROSSING ID=C11 PAIR=clk_cpu->clk_dsp SIGNAL=start TYPE=SINGLE_BIT SYNC_FF=2 SCHEME=TWO_FF BUNDLE=B_START
CROSSING ID=C12 PAIR=clk_dsp->clk_cpu SIGNAL=done TYPE=SINGLE_BIT SYNC_FF=3 SCHEME=TWO_FF BUNDLE=B_START
CROSSING ID=C13 PAIR=clk_cpu->clk_io SIGNAL=rst_io TYPE=RESET SYNC_FF=2 SCHEME=TWO_FF BUNDLE=NONE
CROSSING ID=C14 PAIR=clk_bus->clk_io SIGNAL=bus_rst TYPE=RESET SYNC_FF=0 SCHEME=RESET_SYNC BUNDLE=NONE
CROSSING ID=C15 PAIR=clk_io->clk_dsp SIGNAL=io_data[7:0] TYPE=MULTI_BIT SYNC_FF=0 SCHEME=HANDSHAKE BUNDLE=NONE
CROSSING ID=C16 PAIR=clk_dsp->clk_io SIGNAL=dsp_valid TYPE=SINGLE_BIT SYNC_FF=2 SCHEME=TWO_FF BUNDLE=B_DSPIO
CROSSING ID=C17 PAIR=clk_dsp->clk_io SIGNAL=dsp_data[31:0] TYPE=MULTI_BIT SYNC_FF=0 SCHEME=NONE BUNDLE=B_DSPIO
CROSSING ID=C18 PAIR=clk_bus->clk_cpu SIGNAL=err_flag TYPE=SINGLE_BIT SYNC_FF=2 SCHEME=TWO_FF BUNDLE=NONE
CROSSING ID=C19 PAIR=clk_cpu->clk_bus SIGNAL=mode[1:0] TYPE=MULTI_BIT SYNC_FF=0 SCHEME=GRAY BUNDLE=B_MODE
CROSSING ID=C20 PAIR=clk_bus->clk_cpu SIGNAL=mode_ack TYPE=SINGLE_BIT SYNC_FF=2 SCHEME=TWO_FF BUNDLE=B_MODE
CROSSING ID=C21 PAIR=clk_cpu->clk_bus SIGNAL=ctrl_a TYPE=SINGLE_BIT SYNC_FF=2 SCHEME=TWO_FF BUNDLE=B_CTRL
CROSSING ID=C22 PAIR=clk_cpu->clk_bus SIGNAL=ctrl_b TYPE=SINGLE_BIT SYNC_FF=2 SCHEME=TWO_FF BUNDLE=B_CTRL
CROSSING ID=C23 PAIR=clk_io->clk_bus SIGNAL=io_a TYPE=SINGLE_BIT SYNC_FF=2 SCHEME=TWO_FF BUNDLE=NONE
CROSSING ID=C24 PAIR=clk_dsp->clk_bus SIGNAL=dsp_stat[3:0] TYPE=MULTI_BIT SYNC_FF=0 SCHEME=FIFO BUNDLE=NONE
=== DETECTED ISSUES ===
VIOLATION TYPE=MULTI_BIT_UNSAFE OBJECT=C02 PAIR=clk_cpu->clk_bus MEASURED=TWO_FF EXPECTED=SCHEME=GRAY|FIFO|HANDSHAKE SEVERITY=CRITICAL STATUS=OPEN\nVIOLATION TYPE=SYNC_DEPTH_LOW OBJECT=C03 PAIR=clk_bus->clk_cpu MEASURED=2 EXPECTED=SYNC_FF>=3 for destination period < FAST_CLOCK_PERIOD_NS SEVERITY=MAJOR STATUS=OPEN\nVIOLATION TYPE=MISSING_SYNC OBJECT=C05 PAIR=clk_io->clk_cpu MEASURED=1 EXPECTED=SYNC_FF>=2 (or 3 when destination clock is fast) SEVERITY=CRITICAL STATUS=OPEN\nVIOLATION TYPE=MISSING_SYNC OBJECT=C08 PAIR=clk_bus->clk_dsp MEASURED=0 EXPECTED=SYNC_FF>=2 (or 3 when destination clock is fast) SEVERITY=CRITICAL STATUS=OPEN\nVIOLATION TYPE=UNSYNC_RESET OBJECT=C13 PAIR=clk_cpu->clk_io MEASURED=TWO_FF EXPECTED=SCHEME=RESET_SYNC SEVERITY=CRITICAL STATUS=OPEN\nVIOLATION TYPE=MULTI_BIT_UNSAFE OBJECT=C17 PAIR=clk_dsp->clk_io MEASURED=NONE EXPECTED=SCHEME=GRAY|FIFO|HANDSHAKE SEVERITY=CRITICAL STATUS=OPEN\nVIOLATION TYPE=SYNC_DEPTH_LOW OBJECT=C18 PAIR=clk_bus->clk_cpu MEASURED=2 EXPECTED=SYNC_FF>=3 for destination period < FAST_CLOCK_PERIOD_NS SEVERITY=MAJOR STATUS=OPEN\nVIOLATION TYPE=SYNC_DEPTH_LOW OBJECT=C20 PAIR=clk_bus->clk_cpu MEASURED=2 EXPECTED=SYNC_FF>=3 for destination period < FAST_CLOCK_PERIOD_NS SEVERITY=MAJOR STATUS=OPEN\nVIOLATION TYPE=RECONVERGENCE OBJECT=B_CTRL PAIR=clk_cpu->clk_bus MEASURED=C22,C21 EXPECTED=one common qualifier scheme for the whole bundle SEVERITY=MAJOR STATUS=OPEN\nVIOLATION TYPE=FALSE_CROSSING OBJECT=C09 PAIR=clk_cpu->clk_cpu_div2 MEASURED=clk_cpu->clk_cpu_div2 EXPECTED=SRC_CLK and DST_CLK must be in different clock groups SEVERITY=MINOR STATUS=OPEN\nWAIVER_FINDING TYPE=DUPLICATE_WAIVER ID=C03 OWNER=dft_team DETAIL=same CDC_ID is waived more than once\nWAIVER_FINDING TYPE=STALE_WAIVER ID=C99 OWNER=rtl_team DETAIL=waived CDC_ID does not exist in report\nWAIVER_FINDING TYPE=DUPLICATE_WAIVER ID=C03 OWNER=rtl_team DETAIL=same CDC_ID is waived more than once\nWAIVER_FINDING TYPE=EXPIRED_WAIVER ID=C17 OWNER=dsp_team DETAIL=expires=2026-06-30 earlier than SIGNOFF_DATE=2026-09-01\nWAIVER_FINDING TYPE=NON_WAIVABLE ID=C05 OWNER=sw_team DETAIL=waiver targets a CRITICAL violation\n=== CORRECTION / RECOMMENDATION ===
NO_ACTIONS_IN_FIX_PLAN
=== AFTER ===
SIGNOFF_DATE=2026-09-01 FAST_CLOCK_PERIOD_NS=3
PAIR=clk_bus->clk_cpu CROSSINGS=3 SINGLE_BIT=3 MULTI_BIT=0 RESET=0
PAIR=clk_bus->clk_dsp CROSSINGS=1 SINGLE_BIT=1 MULTI_BIT=0 RESET=0
PAIR=clk_bus->clk_io CROSSINGS=1 SINGLE_BIT=0 MULTI_BIT=0 RESET=1
PAIR=clk_cpu->clk_bus CROSSINGS=5 SINGLE_BIT=3 MULTI_BIT=2 RESET=0
PAIR=clk_cpu->clk_dsp CROSSINGS=1 SINGLE_BIT=1 MULTI_BIT=0 RESET=0
PAIR=clk_cpu->clk_io CROSSINGS=2 SINGLE_BIT=0 MULTI_BIT=1 RESET=1
PAIR=clk_dsp->clk_bus CROSSINGS=3 SINGLE_BIT=1 MULTI_BIT=2 RESET=0
PAIR=clk_dsp->clk_cpu CROSSINGS=1 SINGLE_BIT=1 MULTI_BIT=0 RESET=0
PAIR=clk_dsp->clk_io CROSSINGS=2 SINGLE_BIT=1 MULTI_BIT=1 RESET=0
PAIR=clk_io->clk_bus CROSSINGS=2 SINGLE_BIT=2 MULTI_BIT=0 RESET=0
PAIR=clk_io->clk_cpu CROSSINGS=1 SINGLE_BIT=1 MULTI_BIT=0 RESET=0
PAIR=clk_io->clk_dsp CROSSINGS=1 SINGLE_BIT=0 MULTI_BIT=1 RESET=0
CROSSING ID=C01 PAIR=clk_cpu->clk_bus SIGNAL=req TYPE=SINGLE_BIT SYNC_FF=2 SCHEME=TWO_FF BUNDLE=B_REQ
CROSSING ID=C02 PAIR=clk_cpu->clk_bus SIGNAL=data[7:0] TYPE=MULTI_BIT SYNC_FF=0 SCHEME=FIFO BUNDLE=B_REQ
CROSSING ID=C03 PAIR=clk_bus->clk_cpu SIGNAL=ack TYPE=SINGLE_BIT SYNC_FF=3 SCHEME=TWO_FF BUNDLE=B_ACK
CROSSING ID=C04 PAIR=clk_cpu->clk_io SIGNAL=cfg[3:0] TYPE=MULTI_BIT SYNC_FF=0 SCHEME=FIFO BUNDLE=NONE
CROSSING ID=C05 PAIR=clk_io->clk_cpu SIGNAL=status TYPE=SINGLE_BIT SYNC_FF=3 SCHEME=TWO_FF BUNDLE=NONE
CROSSING ID=C06 PAIR=clk_dsp->clk_bus SIGNAL=fifo_wr TYPE=SINGLE_BIT SYNC_FF=2 SCHEME=TWO_FF BUNDLE=B_FIFO
CROSSING ID=C07 PAIR=clk_dsp->clk_bus SIGNAL=fifo_data[15:0] TYPE=MULTI_BIT SYNC_FF=0 SCHEME=GRAY BUNDLE=B_FIFO
CROSSING ID=C08 PAIR=clk_bus->clk_dsp SIGNAL=fifo_rd TYPE=SINGLE_BIT SYNC_FF=2 SCHEME=TWO_FF BUNDLE=B_FIFO
CROSSING ID=C09 PAIR=clk_cpu->clk_cpu_div2 SIGNAL=sync_sig TYPE=SINGLE_BIT SYNC_FF=0 SCHEME=NONE BUNDLE=NONE
CROSSING ID=C10 PAIR=clk_io->clk_bus SIGNAL=io_irq TYPE=SINGLE_BIT SYNC_FF=2 SCHEME=TWO_FF BUNDLE=NONE
CROSSING ID=C11 PAIR=clk_cpu->clk_dsp SIGNAL=start TYPE=SINGLE_BIT SYNC_FF=2 SCHEME=TWO_FF BUNDLE=B_START
CROSSING ID=C12 PAIR=clk_dsp->clk_cpu SIGNAL=done TYPE=SINGLE_BIT SYNC_FF=3 SCHEME=TWO_FF BUNDLE=B_START
CROSSING ID=C13 PAIR=clk_cpu->clk_io SIGNAL=rst_io TYPE=RESET SYNC_FF=0 SCHEME=RESET_SYNC BUNDLE=NONE
CROSSING ID=C14 PAIR=clk_bus->clk_io SIGNAL=bus_rst TYPE=RESET SYNC_FF=0 SCHEME=RESET_SYNC BUNDLE=NONE
CROSSING ID=C15 PAIR=clk_io->clk_dsp SIGNAL=io_data[7:0] TYPE=MULTI_BIT SYNC_FF=0 SCHEME=HANDSHAKE BUNDLE=NONE
CROSSING ID=C16 PAIR=clk_dsp->clk_io SIGNAL=dsp_valid TYPE=SINGLE_BIT SYNC_FF=2 SCHEME=TWO_FF BUNDLE=B_DSPIO
CROSSING ID=C17 PAIR=clk_dsp->clk_io SIGNAL=dsp_data[31:0] TYPE=MULTI_BIT SYNC_FF=0 SCHEME=GRAY BUNDLE=B_DSPIO
CROSSING ID=C18 PAIR=clk_bus->clk_cpu SIGNAL=err_flag TYPE=SINGLE_BIT SYNC_FF=3 SCHEME=TWO_FF BUNDLE=NONE
CROSSING ID=C19 PAIR=clk_cpu->clk_bus SIGNAL=mode[1:0] TYPE=MULTI_BIT SYNC_FF=0 SCHEME=GRAY BUNDLE=B_MODE
CROSSING ID=C20 PAIR=clk_bus->clk_cpu SIGNAL=mode_ack TYPE=SINGLE_BIT SYNC_FF=3 SCHEME=TWO_FF BUNDLE=B_MODE
CROSSING ID=C21 PAIR=clk_cpu->clk_bus SIGNAL=ctrl_a TYPE=SINGLE_BIT SYNC_FF=2 SCHEME=HANDSHAKE BUNDLE=B_CTRL
CROSSING ID=C22 PAIR=clk_cpu->clk_bus SIGNAL=ctrl_b TYPE=SINGLE_BIT SYNC_FF=2 SCHEME=HANDSHAKE BUNDLE=B_CTRL
CROSSING ID=C23 PAIR=clk_io->clk_bus SIGNAL=io_a TYPE=SINGLE_BIT SYNC_FF=2 SCHEME=TWO_FF BUNDLE=NONE
CROSSING ID=C24 PAIR=clk_dsp->clk_bus SIGNAL=dsp_stat[3:0] TYPE=MULTI_BIT SYNC_FF=0 SCHEME=FIFO BUNDLE=NONE
CHANGED ID=C02 REASON=SCHEME_AND_DEPTH BEFORE_SCHEME=TWO_FF BEFORE_SYNC_FF=2 AFTER_SCHEME=FIFO AFTER_SYNC_FF=0\nCHANGED ID=C03 REASON=SYNC_DEPTH_CHANGED BEFORE_SCHEME=TWO_FF BEFORE_SYNC_FF=2 AFTER_SCHEME=TWO_FF AFTER_SYNC_FF=3\nCHANGED ID=C05 REASON=SYNC_DEPTH_CHANGED BEFORE_SCHEME=TWO_FF BEFORE_SYNC_FF=1 AFTER_SCHEME=TWO_FF AFTER_SYNC_FF=3\nCHANGED ID=C08 REASON=SCHEME_AND_DEPTH BEFORE_SCHEME=NONE BEFORE_SYNC_FF=0 AFTER_SCHEME=TWO_FF AFTER_SYNC_FF=2\nCHANGED ID=C13 REASON=SCHEME_AND_DEPTH BEFORE_SCHEME=TWO_FF BEFORE_SYNC_FF=2 AFTER_SCHEME=RESET_SYNC AFTER_SYNC_FF=0\nCHANGED ID=C17 REASON=SCHEME_CHANGED BEFORE_SCHEME=NONE BEFORE_SYNC_FF=0 AFTER_SCHEME=GRAY AFTER_SYNC_FF=0\nCHANGED ID=C18 REASON=SYNC_DEPTH_CHANGED BEFORE_SCHEME=TWO_FF BEFORE_SYNC_FF=2 AFTER_SCHEME=TWO_FF AFTER_SYNC_FF=3\nCHANGED ID=C20 REASON=SYNC_DEPTH_CHANGED BEFORE_SCHEME=TWO_FF BEFORE_SYNC_FF=2 AFTER_SCHEME=TWO_FF AFTER_SYNC_FF=3\nCHANGED ID=C21 REASON=SCHEME_CHANGED BEFORE_SCHEME=TWO_FF BEFORE_SYNC_FF=2 AFTER_SCHEME=HANDSHAKE AFTER_SYNC_FF=2\nCHANGED ID=C22 REASON=SCHEME_CHANGED BEFORE_SCHEME=TWO_FF BEFORE_SYNC_FF=2 AFTER_SCHEME=HANDSHAKE AFTER_SYNC_FF=2\nNEW=NONE
REMOVED=NONE
=== CLOSURE ===
OPEN_CRITICAL_BEFORE=5 OPEN_CRITICAL_AFTER=0
OPEN_MAJOR_BEFORE=4 OPEN_MAJOR_AFTER=0
OPEN_MINOR_BEFORE=1 OPEN_MINOR_AFTER=0
INVALID_WAIVERS_BEFORE=5 INVALID_WAIVERS_AFTER=0
CROSSINGS_CHANGED=10
IMPROVEMENT_PERCENT=100.00
BEFORE_STATUS=FAIL
AFTER_STATUS=PASS
CLOSURE=PASS
