RANK=1 PAIR=clk_bus->clk_dsp RISK=10.00 OPEN_CRITICAL=1 OPEN_MAJOR=0 OPEN_MINOR=0 ROOT_CAUSE=MISSING_SYNC fires most often on this pair (1 occurrence(s))
RANK=2 PAIR=clk_cpu->clk_io RISK=10.00 OPEN_CRITICAL=1 OPEN_MAJOR=0 OPEN_MINOR=0 ROOT_CAUSE=UNSYNC_RESET fires most often on this pair (1 occurrence(s))
RANK=3 PAIR=clk_io->clk_cpu RISK=10.00 OPEN_CRITICAL=1 OPEN_MAJOR=0 OPEN_MINOR=0 ROOT_CAUSE=MISSING_SYNC fires most often on this pair (1 occurrence(s))
RANK=4 PAIR=clk_bus->clk_cpu RISK=8.00 OPEN_CRITICAL=0 OPEN_MAJOR=2 OPEN_MINOR=0 ROOT_CAUSE=SYNC_DEPTH_LOW fires most often on this pair (3 occurrence(s))
RANK=5 PAIR=clk_cpu->clk_bus RISK=8.00 OPEN_CRITICAL=0 OPEN_MAJOR=2 OPEN_MINOR=0 ROOT_CAUSE=MULTI_BIT_UNSAFE fires most often on this pair (1 occurrence(s))
RANK=6 PAIR=clk_dsp->clk_io RISK=4.00 OPEN_CRITICAL=0 OPEN_MAJOR=1 OPEN_MINOR=0 ROOT_CAUSE=MULTI_BIT_UNSAFE fires most often on this pair (1 occurrence(s))
RANK=7 PAIR=clk_cpu->clk_cpu_div2 RISK=1.00 OPEN_CRITICAL=0 OPEN_MAJOR=0 OPEN_MINOR=1 ROOT_CAUSE=FALSE_CROSSING fires most often on this pair (1 occurrence(s))

CROSSING_RANK=1 ID=C05 TYPE=MISSING_SYNC WEIGHT=10.00 SIGNAL=status
CROSSING_RANK=2 ID=C08 TYPE=MISSING_SYNC WEIGHT=10.00 SIGNAL=fifo_rd
CROSSING_RANK=3 ID=C13 TYPE=UNSYNC_RESET WEIGHT=10.00 SIGNAL=rst_io
CROSSING_RANK=4 ID=B_CTRL TYPE=RECONVERGENCE WEIGHT=4.00 SIGNAL=ctrl_a,ctrl_b
CROSSING_RANK=5 ID=C02 TYPE=MULTI_BIT_UNSAFE WEIGHT=4.00 SIGNAL=data[7:0]
CROSSING_RANK=6 ID=C17 TYPE=MULTI_BIT_UNSAFE WEIGHT=4.00 SIGNAL=dsp_data[31:0]
CROSSING_RANK=7 ID=C18 TYPE=SYNC_DEPTH_LOW WEIGHT=4.00 SIGNAL=err_flag
CROSSING_RANK=8 ID=C20 TYPE=SYNC_DEPTH_LOW WEIGHT=4.00 SIGNAL=mode_ack
CROSSING_RANK=9 ID=C09 TYPE=FALSE_CROSSING WEIGHT=1.00 SIGNAL=sync_sig

DOMINANT_VIOLATION_TYPE=MISSING_SYNC
DOMINANT_TYPE_WEIGHT=20.00
WORST_PAIR=clk_bus->clk_dsp
TOTAL_OPEN_WEIGHT=51.00
RANKED_PAIRS=7

MULTIBIT_HOTSPOT_PAIR=clk_cpu->clk_bus MULTIBIT_CROSSINGS=2
