BATCH=02
INPUT_STATUS=PASS
SIGNOFF_DATE=2026-09-01
FAST_CLOCK_PERIOD_NS=3.0
CLOCKS_DEFINED=5
CLOCK_GROUPS=4
TOTAL_CROSSINGS=24
REAL_CROSSINGS=23
FALSE_CROSSINGS=1
CLOCK_PAIRS=12
SINGLE_BIT=15 MULTI_BIT=7 RESET=2
WAIVERS_IN_FILE=5
UNDEFINED_CLOCKS=NONE
SKIPPED_RECORDS=0

# one line per clock, sorted by name
CLOCK=clk_bus PERIOD=5.000 GROUP=2
CLOCK=clk_cpu PERIOD=2.000 GROUP=1
CLOCK=clk_cpu_div2 PERIOD=4.000 GROUP=1
CLOCK=clk_dsp PERIOD=3.300 GROUP=4
CLOCK=clk_io PERIOD=8.000 GROUP=3

# one line per clock pair, sorted by name
PAIR=clk_bus->clk_cpu CROSSINGS=3 SINGLE_BIT=3 MULTI_BIT=0 RESET=0
PAIR=clk_bus->clk_dsp CROSSINGS=1 SINGLE_BIT=1 MULTI_BIT=0 RESET=0
PAIR=clk_bus->clk_io CROSSINGS=1 SINGLE_BIT=0 MULTI_BIT=0 RESET=1
PAIR=clk_cpu->clk_bus CROSSINGS=5 SINGLE_BIT=3 MULTI_BIT=2 RESET=0
PAIR=clk_cpu->clk_dsp CROSSINGS=1 SINGLE_BIT=1 MULTI_BIT=0 RESET=0
PAIR=clk_cpu->clk_io CROSSINGS=2 SINGLE_BIT=0 MULTI_BIT=1 RESET=1
PAIR=clk_dsp->clk_bus CROSSINGS=3 SINGLE_BIT=1 MULTI_BIT=2 RESET=0
PAIR=clk_dsp->clk_cpu CROSSINGS=1 SINGLE_BIT=1 MULTI_BIT=0 RESET=0
PAIR=clk_dsp->clk_io CROSSINGS=2 SINGLE_BIT=1 MULTI_BIT=1 RESET=0
PAIR=clk_io->clk_bus CROSSINGS=2 SINGLE_BIT=2 MULTI_BIT=0 RESET=0
PAIR=clk_io->clk_cpu CROSSINGS=1 SINGLE_BIT=1 MULTI_BIT=0 RESET=0
PAIR=clk_io->clk_dsp CROSSINGS=1 SINGLE_BIT=0 MULTI_BIT=1 RESET=0
