VIOLATION TYPE=MULTI_BIT_UNSAFE OBJECT=C02 PAIR=clk_cpu->clk_bus MEASURED=SCHEME=TWO_FF EXPECTED=SCHEME=GRAY|FIFO|HANDSHAKE SEVERITY=MAJOR STATUS=OPEN
VIOLATION TYPE=SYNC_DEPTH_LOW OBJECT=C03 PAIR=clk_bus->clk_cpu MEASURED=SYNC_FF=2 EXPECTED=SYNC_FF>=3 SEVERITY=MAJOR STATUS=WAIVED
VIOLATION TYPE=MISSING_SYNC OBJECT=C05 PAIR=clk_io->clk_cpu MEASURED=SYNC_FF=1 EXPECTED=SYNC_FF>=2 SEVERITY=CRITICAL STATUS=OPEN
VIOLATION TYPE=MISSING_SYNC OBJECT=C08 PAIR=clk_bus->clk_dsp MEASURED=SYNC_FF=0 EXPECTED=SYNC_FF>=2 SEVERITY=CRITICAL STATUS=OPEN
VIOLATION TYPE=FALSE_CROSSING OBJECT=C09 PAIR=clk_cpu->clk_cpu_div2 MEASURED=GROUP=1 EXPECTED=FALSE_CROSSING SEVERITY=MINOR STATUS=OPEN
VIOLATION TYPE=UNSYNC_RESET OBJECT=C13 PAIR=clk_cpu->clk_io MEASURED=SCHEME=TWO_FF EXPECTED=SCHEME=RESET_SYNC SEVERITY=CRITICAL STATUS=OPEN
VIOLATION TYPE=MULTI_BIT_UNSAFE OBJECT=C17 PAIR=clk_dsp->clk_io MEASURED=SCHEME=NONE EXPECTED=SCHEME=GRAY|FIFO|HANDSHAKE SEVERITY=MAJOR STATUS=OPEN
VIOLATION TYPE=SYNC_DEPTH_LOW OBJECT=C18 PAIR=clk_bus->clk_cpu MEASURED=SYNC_FF=2 EXPECTED=SYNC_FF>=3 SEVERITY=MAJOR STATUS=OPEN
VIOLATION TYPE=SYNC_DEPTH_LOW OBJECT=C20 PAIR=clk_bus->clk_cpu MEASURED=SYNC_FF=2 EXPECTED=SYNC_FF>=3 SEVERITY=MAJOR STATUS=OPEN
VIOLATION TYPE=RECONVERGENCE OBJECT=B_CTRL PAIR=clk_cpu->clk_bus MEASURED=MEMBERS=C21,C22 EXPECTED=RECONVERGENCE SEVERITY=MAJOR STATUS=OPEN

WAIVER_FINDING TYPE=STALE ID=C99 OWNER=rtl_team DETAIL=legacy_block_removed_in_rtl2
WAIVER_FINDING TYPE=DUPLICATE ID=C03 OWNER=rtl_team DETAIL=duplicate_entry_from_merge
WAIVER_FINDING TYPE=EXPIRED ID=C17 OWNER=dsp_team DETAIL=temporary_until_gray_coder_lands
WAIVER_FINDING TYPE=NON_WAIVABLE ID=C05 OWNER=sw_team DETAIL=firmware_reads_status_slowly

TOTAL_VIOLATIONS=10
OPEN_CRITICAL=3 OPEN_MAJOR=5 OPEN_MINOR=1
WAIVED_VIOLATIONS=1
INVALID_WAIVERS=4
BASELINE_STATUS=FAIL
